// Jest Snapshot v1, https://goo.gl/fbAQLP

exports[`Bike actually renders 1`] = `
<div
  className="sc-bdVaJa uVrdD"
>
  <img
    alt="A picture of a bike name bicycle."
    className="sc-bwzfXH cmMosU"
    src="assets/img/bmc_small.jpg"
    srcSet="assets/img/bmc_large.jpg 1024w, assets/img/bmc_medium.jpg 640w, assets/img/bmc_small.jpg 320w"
  />
  <p
    className="sc-htpNat kPwbpi"
  >
    bike name
  </p>
  <p
    className="sc-bxivhb dTggbt"
  >
    size: 
    20
    cm
  </p>
</div>
`;
