// Jest Snapshot v1, https://goo.gl/fbAQLP

exports[`Header actually renders 1`] = `
<nav
  className="sc-bdVaJa hsITFy"
>
  <a
    className="sc-htpNat fXdlIU"
    href="/"
    onClick={[Function]}
  >
    hweeks.com
  </a>
  <button
    className="sc-ifAKCX dBisCF"
    onClick={[Function]}
    role="menuitem"
  >
    menu
  </button>
  <div
    className="sc-EHOje lnZyKN"
  >
    <a
      className="sc-bwzfXH dTFgNw"
      href="/bikes"
      onClick={[Function]}
    >
      bikes
    </a>
    <a
      className="sc-bwzfXH dTFgNw"
      href="/blog"
      onClick={[Function]}
    >
      blog
    </a>
    <a
      className="sc-bxivhb kkcTrD"
      href="/assets/pdf/r.pdf"
      onClick={[Function]}
      role="menuitem"
    >
      resume
    </a>
    <a
      className="sc-bxivhb kkcTrD"
      href="https://github.com/hweeks"
    >
      git
    </a>
    <a
      className="sc-bxivhb kkcTrD"
      href="mailto:root@hweeks.com"
      onClick={[Function]}
      role="menuitem"
    >
      email
    </a>
  </div>
</nav>
`;
